## SLURM PROLOG ###############################################################
##    Job ID : 1917563
##  Job Name : all_experiments
##  Nodelist : gpu2110
##      CPUs : 1
##  Mem/Node : 32768 MB
## Directory : /oscar/scratch/ojoseph3/who-up-learning-rn
##   Job Started : Sun Apr 26 04:40:37 AM EDT 2026
###############################################################################
==========================================
Starting Experiment 1: Default (Alpha=0.5, Learnable)
==========================================
Device      : cuda
Mode        : full training
Num classes : 100
Alpha       : 0.5  (learnable=True)

100-class mode. Train: 50000, Val: 10000
Epoch   1/40  train loss=4.1640 acc=0.086  val loss=4.0410 acc=0.084  alpha=0.500
Epoch   2/40  train loss=3.5618 acc=0.172  val loss=3.6059 acc=0.147  alpha=0.406
Epoch   3/40  train loss=3.2700 acc=0.213  val loss=4.1982 acc=0.102  alpha=0.350
Epoch   4/40  train loss=3.1079 acc=0.242  val loss=3.3358 acc=0.196  alpha=0.318
Epoch   5/40  train loss=3.0051 acc=0.262  val loss=5.1393 acc=0.100  alpha=0.300
Epoch   6/40  train loss=2.9201 acc=0.278  val loss=3.7360 acc=0.166  alpha=0.291
Epoch   7/40  train loss=2.8530 acc=0.291  val loss=3.6754 acc=0.175  alpha=0.289
Epoch   8/40  train loss=2.7954 acc=0.302  val loss=3.5906 acc=0.193  alpha=0.286
Epoch   9/40  train loss=2.7459 acc=0.313  val loss=4.2956 acc=0.133  alpha=0.286
Epoch  10/40  train loss=2.7036 acc=0.319  val loss=3.7813 acc=0.153  alpha=0.286
Epoch  11/40  train loss=2.6575 acc=0.329  val loss=4.8210 acc=0.128  alpha=0.285
Epoch  12/40  train loss=2.6247 acc=0.338  val loss=3.4589 acc=0.207  alpha=0.285
Epoch  13/40  train loss=2.5932 acc=0.343  val loss=2.9933 acc=0.280  alpha=0.286
Epoch  14/40  train loss=2.5600 acc=0.350  val loss=3.6428 acc=0.201  alpha=0.283
Epoch  15/40  train loss=2.5284 acc=0.356  val loss=3.4126 acc=0.233  alpha=0.284
Epoch  16/40  train loss=2.5045 acc=0.361  val loss=2.8681 acc=0.289  alpha=0.285
Epoch  17/40  train loss=2.4797 acc=0.367  val loss=4.0851 acc=0.164  alpha=0.282
Epoch  18/40  train loss=2.4593 acc=0.371  val loss=3.6624 acc=0.206  alpha=0.283
Epoch  19/40  train loss=2.4391 acc=0.374  val loss=2.8316 acc=0.294  alpha=0.283
Epoch  20/40  train loss=2.4132 acc=0.378  val loss=4.1178 acc=0.146  alpha=0.283
Epoch  21/40  train loss=2.3939 acc=0.385  val loss=2.7974 acc=0.296  alpha=0.282
Epoch  22/40  train loss=2.3761 acc=0.389  val loss=2.8340 acc=0.294  alpha=0.282
Epoch  23/40  train loss=2.3515 acc=0.394  val loss=3.1728 acc=0.248  alpha=0.282
Epoch  24/40  train loss=2.3365 acc=0.397  val loss=3.0983 acc=0.252  alpha=0.284
Epoch  25/40  train loss=2.3198 acc=0.399  val loss=3.1537 acc=0.252  alpha=0.283
Epoch  26/40  train loss=2.3011 acc=0.405  val loss=3.2648 acc=0.240  alpha=0.283
Epoch  27/40  train loss=2.2886 acc=0.410  val loss=3.2139 acc=0.260  alpha=0.282
Epoch  28/40  train loss=2.2748 acc=0.411  val loss=3.6021 acc=0.230  alpha=0.284
Epoch  29/40  train loss=2.2563 acc=0.412  val loss=3.2059 acc=0.268  alpha=0.284
Epoch  30/40  train loss=2.2426 acc=0.419  val loss=3.8743 acc=0.207  alpha=0.283
Epoch  31/40  train loss=2.2336 acc=0.419  val loss=4.0895 acc=0.177  alpha=0.284
Epoch  32/40  train loss=2.2174 acc=0.423  val loss=3.4227 acc=0.225  alpha=0.285
Epoch  33/40  train loss=2.2031 acc=0.427  val loss=3.3750 acc=0.233  alpha=0.284
Epoch  34/40  train loss=2.1928 acc=0.428  val loss=3.9095 acc=0.211  alpha=0.284
Epoch  35/40  train loss=2.1790 acc=0.431  val loss=3.0249 acc=0.276  alpha=0.284
Epoch  36/40  train loss=2.1644 acc=0.434  val loss=2.8702 acc=0.310  alpha=0.285
Epoch  37/40  train loss=2.1511 acc=0.436  val loss=3.1159 acc=0.290  alpha=0.284
Epoch  38/40  train loss=2.1443 acc=0.439  val loss=3.4062 acc=0.239  alpha=0.286
Epoch  39/40  train loss=2.1327 acc=0.441  val loss=3.0032 acc=0.295  alpha=0.286
Epoch  40/40  train loss=2.1200 acc=0.445  val loss=3.0214 acc=0.281  alpha=0.287
  Loss curve saved → ./experiments/exp1_default/train_loss.png
  Checkpoint saved → ./experiments/exp1_default/checkpoint_epoch40.pt
==========================================
Starting Experiment 2: Shape-Biased (Alpha=0.8, Fixed)
==========================================
Device      : cuda
Mode        : full training
Num classes : 100
Alpha       : 0.8  (learnable=False)

100-class mode. Train: 50000, Val: 10000
Epoch   1/40  train loss=4.2835 acc=0.064  val loss=4.0893 acc=0.078  alpha=0.800
Epoch   2/40  train loss=3.8478 acc=0.127  val loss=3.8450 acc=0.117  alpha=0.800
Epoch   3/40  train loss=3.5887 acc=0.166  val loss=3.6581 acc=0.144  alpha=0.800
Epoch   4/40  train loss=3.4007 acc=0.197  val loss=3.4445 acc=0.174  alpha=0.800
Epoch   5/40  train loss=3.2574 acc=0.221  val loss=3.4019 acc=0.189  alpha=0.800
Epoch   6/40  train loss=3.1464 acc=0.239  val loss=4.0444 acc=0.136  alpha=0.800
Epoch   7/40  train loss=3.0505 acc=0.257  val loss=3.7783 acc=0.157  alpha=0.800
Epoch   8/40  train loss=2.9741 acc=0.270  val loss=3.4017 acc=0.185  alpha=0.800
Epoch   9/40  train loss=2.9080 acc=0.282  val loss=3.2081 acc=0.227  alpha=0.800
Epoch  10/40  train loss=2.8559 acc=0.291  val loss=3.3604 acc=0.201  alpha=0.800
Epoch  11/40  train loss=2.8055 acc=0.300  val loss=4.0481 acc=0.144  alpha=0.800
Epoch  12/40  train loss=2.7658 acc=0.308  val loss=3.4362 acc=0.197  alpha=0.800
Epoch  13/40  train loss=2.7220 acc=0.318  val loss=3.4195 acc=0.223  alpha=0.800
Epoch  14/40  train loss=2.6900 acc=0.324  val loss=3.0080 acc=0.260  alpha=0.800
Epoch  15/40  train loss=2.6529 acc=0.328  val loss=3.1366 acc=0.227  alpha=0.800
Epoch  16/40  train loss=2.6283 acc=0.334  val loss=4.4704 acc=0.133  alpha=0.800
Epoch  17/40  train loss=2.5968 acc=0.341  val loss=3.3455 acc=0.219  alpha=0.800
Epoch  18/40  train loss=2.5720 acc=0.347  val loss=4.5515 acc=0.134  alpha=0.800
Epoch  19/40  train loss=2.5464 acc=0.354  val loss=3.2592 acc=0.237  alpha=0.800
Epoch  20/40  train loss=2.5257 acc=0.356  val loss=3.0231 acc=0.270  alpha=0.800
Epoch  21/40  train loss=2.5056 acc=0.358  val loss=3.6833 acc=0.202  alpha=0.800
Epoch  22/40  train loss=2.4830 acc=0.365  val loss=3.2922 acc=0.215  alpha=0.800
Epoch  23/40  train loss=2.4632 acc=0.369  val loss=3.2221 acc=0.235  alpha=0.800
Epoch  24/40  train loss=2.4443 acc=0.372  val loss=3.3957 acc=0.236  alpha=0.800
Epoch  25/40  train loss=2.4236 acc=0.377  val loss=3.5430 acc=0.225  alpha=0.800
Epoch  26/40  train loss=2.4066 acc=0.381  val loss=4.0543 acc=0.180  alpha=0.800
Epoch  27/40  train loss=2.3985 acc=0.381  val loss=3.2531 acc=0.246  alpha=0.800
Epoch  28/40  train loss=2.3751 acc=0.384  val loss=3.1852 acc=0.259  alpha=0.800
Epoch  29/40  train loss=2.3606 acc=0.389  val loss=2.9147 acc=0.274  alpha=0.800
Epoch  30/40  train loss=2.3470 acc=0.394  val loss=3.8115 acc=0.200  alpha=0.800
Epoch  31/40  train loss=2.3343 acc=0.397  val loss=2.8708 acc=0.283  alpha=0.800
Epoch  32/40  train loss=2.3158 acc=0.399  val loss=3.6061 acc=0.207  alpha=0.800
Epoch  33/40  train loss=2.3090 acc=0.401  val loss=3.2518 acc=0.250  alpha=0.800
Epoch  34/40  train loss=2.2923 acc=0.405  val loss=3.6698 acc=0.206  alpha=0.800
Epoch  35/40  train loss=2.2807 acc=0.408  val loss=3.0478 acc=0.289  alpha=0.800
Epoch  36/40  train loss=2.2651 acc=0.412  val loss=3.6180 acc=0.227  alpha=0.800
Epoch  37/40  train loss=2.2539 acc=0.414  val loss=3.1127 acc=0.272  alpha=0.800
Epoch  38/40  train loss=2.2457 acc=0.415  val loss=3.3736 acc=0.234  alpha=0.800
Epoch  39/40  train loss=2.2317 acc=0.418  val loss=2.7107 acc=0.323  alpha=0.800
Epoch  40/40  train loss=2.2204 acc=0.421  val loss=2.9851 acc=0.288  alpha=0.800
  Loss curve saved → ./experiments/exp2_shape_biased/train_loss.png
  Checkpoint saved → ./experiments/exp2_shape_biased/checkpoint_epoch40.pt
==========================================
Starting Experiment 3: Shape-Biased Learnable (Alpha=0.8 start)
==========================================
Device      : cuda
Mode        : full training
Num classes : 100
Alpha       : 0.8  (learnable=True)

100-class mode. Train: 50000, Val: 10000
Epoch   1/40  train loss=4.2016 acc=0.077  val loss=4.3486 acc=0.047  alpha=0.570
Epoch   2/40  train loss=3.6053 acc=0.165  val loss=3.8198 acc=0.106  alpha=0.467
Epoch   3/40  train loss=3.2966 acc=0.210  val loss=3.7957 acc=0.135  alpha=0.400
Epoch   4/40  train loss=3.1249 acc=0.240  val loss=4.0237 acc=0.119  alpha=0.360
Epoch   5/40  train loss=3.0040 acc=0.261  val loss=3.7749 acc=0.146  alpha=0.335
Epoch   6/40  train loss=2.9182 acc=0.277  val loss=3.3387 acc=0.187  alpha=0.319
Epoch   7/40  train loss=2.8517 acc=0.290  val loss=5.2247 acc=0.090  alpha=0.312
Epoch   8/40  train loss=2.7917 acc=0.304  val loss=3.3369 acc=0.221  alpha=0.308
Epoch   9/40  train loss=2.7396 acc=0.311  val loss=4.6015 acc=0.105  alpha=0.305
Epoch  10/40  train loss=2.6963 acc=0.321  val loss=4.5333 acc=0.117  alpha=0.303
Epoch  11/40  train loss=2.6533 acc=0.333  val loss=4.3730 acc=0.131  alpha=0.302
Epoch  12/40  train loss=2.6185 acc=0.337  val loss=3.0872 acc=0.259  alpha=0.299
Epoch  13/40  train loss=2.5814 acc=0.343  val loss=2.9169 acc=0.275  alpha=0.298
Epoch  14/40  train loss=2.5534 acc=0.352  val loss=3.3085 acc=0.219  alpha=0.298
Epoch  15/40  train loss=2.5245 acc=0.356  val loss=3.3315 acc=0.209  alpha=0.296
Epoch  16/40  train loss=2.4954 acc=0.362  val loss=3.4963 acc=0.216  alpha=0.294
Epoch  17/40  train loss=2.4754 acc=0.366  val loss=3.6819 acc=0.185  alpha=0.291
Epoch  18/40  train loss=2.4517 acc=0.371  val loss=3.6937 acc=0.192  alpha=0.289
Epoch  19/40  train loss=2.4275 acc=0.376  val loss=3.1062 acc=0.266  alpha=0.288
Epoch  20/40  train loss=2.4058 acc=0.383  val loss=3.3309 acc=0.250  alpha=0.287
Epoch  21/40  train loss=2.3861 acc=0.385  val loss=3.9865 acc=0.177  alpha=0.288
Epoch  22/40  train loss=2.3726 acc=0.389  val loss=2.8777 acc=0.293  alpha=0.288
Epoch  23/40  train loss=2.3467 acc=0.394  val loss=2.9121 acc=0.288  alpha=0.285
Epoch  24/40  train loss=2.3288 acc=0.396  val loss=3.6578 acc=0.206  alpha=0.286
Epoch  25/40  train loss=2.3137 acc=0.402  val loss=2.8660 acc=0.291  alpha=0.285
Epoch  26/40  train loss=2.2989 acc=0.406  val loss=3.1495 acc=0.263  alpha=0.286
Epoch  27/40  train loss=2.2828 acc=0.409  val loss=3.1712 acc=0.262  alpha=0.285
Epoch  28/40  train loss=2.2652 acc=0.412  val loss=3.3239 acc=0.251  alpha=0.285
Epoch  29/40  train loss=2.2533 acc=0.417  val loss=4.0842 acc=0.206  alpha=0.286
Epoch  30/40  train loss=2.2325 acc=0.419  val loss=3.2365 acc=0.263  alpha=0.286
Epoch  31/40  train loss=2.2246 acc=0.422  val loss=3.5473 acc=0.254  alpha=0.287
Epoch  32/40  train loss=2.2135 acc=0.422  val loss=2.8585 acc=0.305  alpha=0.285
Epoch  33/40  train loss=2.1992 acc=0.426  val loss=2.9510 acc=0.288  alpha=0.287
Epoch  34/40  train loss=2.1862 acc=0.429  val loss=3.1810 acc=0.277  alpha=0.287
Epoch  35/40  train loss=2.1702 acc=0.433  val loss=3.9802 acc=0.207  alpha=0.289
Epoch  36/40  train loss=2.1605 acc=0.435  val loss=4.0260 acc=0.183  alpha=0.287
Epoch  37/40  train loss=2.1480 acc=0.438  val loss=3.2050 acc=0.264  alpha=0.289
Epoch  38/40  train loss=2.1379 acc=0.443  val loss=3.5120 acc=0.266  alpha=0.290
Epoch  39/40  train loss=2.1268 acc=0.444  val loss=2.7276 acc=0.329  alpha=0.290
Epoch  40/40  train loss=2.1144 acc=0.448  val loss=2.6050 acc=0.346  alpha=0.290
  Loss curve saved → ./experiments/exp3_shape_biased_learnable/train_loss.png
  Checkpoint saved → ./experiments/exp3_shape_biased_learnable/checkpoint_epoch40.pt
==========================================
Starting Experiment 4: Extreme Shape (Alpha=0.9, Fixed)
==========================================
Device      : cuda
Mode        : full training
Num classes : 100
Alpha       : 0.9  (learnable=False)

100-class mode. Train: 50000, Val: 10000
Epoch   1/40  train loss=4.3654 acc=0.050  val loss=4.2421 acc=0.065  alpha=0.900
Epoch   2/40  train loss=4.0490 acc=0.096  val loss=3.9832 acc=0.104  alpha=0.900
Epoch   3/40  train loss=3.8209 acc=0.130  val loss=3.7633 acc=0.142  alpha=0.900
Epoch   4/40  train loss=3.6463 acc=0.158  val loss=3.7134 acc=0.135  alpha=0.900
Epoch   5/40  train loss=3.5048 acc=0.182  val loss=3.5152 acc=0.175  alpha=0.900
Epoch   6/40  train loss=3.3824 acc=0.203  val loss=3.7573 acc=0.135  alpha=0.900
Epoch   7/40  train loss=3.2776 acc=0.218  val loss=3.4225 acc=0.191  alpha=0.900
Epoch   8/40  train loss=3.1867 acc=0.234  val loss=3.3535 acc=0.191  alpha=0.900
Epoch   9/40  train loss=3.1065 acc=0.246  val loss=3.3613 acc=0.195  alpha=0.900
Epoch  10/40  train loss=3.0395 acc=0.259  val loss=3.3322 acc=0.209  alpha=0.900
Epoch  11/40  train loss=2.9769 acc=0.271  val loss=3.1698 acc=0.235  alpha=0.900
Epoch  12/40  train loss=2.9206 acc=0.282  val loss=3.0697 acc=0.253  alpha=0.900
Epoch  13/40  train loss=2.8743 acc=0.290  val loss=3.0911 acc=0.251  alpha=0.900
Epoch  14/40  train loss=2.8242 acc=0.299  val loss=3.6441 acc=0.174  alpha=0.900
Epoch  15/40  train loss=2.7816 acc=0.307  val loss=4.1837 acc=0.152  alpha=0.900
Epoch  16/40  train loss=2.7482 acc=0.311  val loss=2.9741 acc=0.263  alpha=0.900
Epoch  17/40  train loss=2.7118 acc=0.319  val loss=3.1817 acc=0.246  alpha=0.900
Epoch  18/40  train loss=2.6868 acc=0.324  val loss=3.3422 acc=0.222  alpha=0.900
Epoch  19/40  train loss=2.6522 acc=0.332  val loss=3.0274 acc=0.265  alpha=0.900
Epoch  20/40  train loss=2.6223 acc=0.337  val loss=3.1214 acc=0.253  alpha=0.900
Epoch  21/40  train loss=2.6000 acc=0.342  val loss=3.3328 acc=0.233  alpha=0.900
Epoch  22/40  train loss=2.5738 acc=0.349  val loss=2.8562 acc=0.292  alpha=0.900
Epoch  23/40  train loss=2.5522 acc=0.351  val loss=2.8320 acc=0.296  alpha=0.900
Epoch  24/40  train loss=2.5284 acc=0.357  val loss=3.4140 acc=0.223  alpha=0.900
Epoch  25/40  train loss=2.5046 acc=0.361  val loss=2.9708 acc=0.278  alpha=0.900
Epoch  26/40  train loss=2.4843 acc=0.364  val loss=3.3804 acc=0.217  alpha=0.900
Epoch  27/40  train loss=2.4720 acc=0.366  val loss=4.8570 acc=0.152  alpha=0.900
Epoch  28/40  train loss=2.4519 acc=0.372  val loss=3.2738 acc=0.249  alpha=0.900
Epoch  29/40  train loss=2.4330 acc=0.378  val loss=3.1642 acc=0.255  alpha=0.900
Epoch  30/40  train loss=2.4159 acc=0.379  val loss=2.9563 acc=0.287  alpha=0.900
Epoch  31/40  train loss=2.4043 acc=0.381  val loss=3.1197 acc=0.261  alpha=0.900
Epoch  32/40  train loss=2.3918 acc=0.384  val loss=2.8238 acc=0.305  alpha=0.900
Epoch  33/40  train loss=2.3714 acc=0.390  val loss=3.1657 acc=0.256  alpha=0.900
Epoch  34/40  train loss=2.3531 acc=0.393  val loss=2.6972 acc=0.324  alpha=0.900
Epoch  35/40  train loss=2.3440 acc=0.395  val loss=3.1167 acc=0.253  alpha=0.900
Epoch  36/40  train loss=2.3278 acc=0.398  val loss=2.8053 acc=0.312  alpha=0.900
Epoch  37/40  train loss=2.3181 acc=0.400  val loss=3.1490 acc=0.264  alpha=0.900
Epoch  38/40  train loss=2.3019 acc=0.404  val loss=3.4588 acc=0.237  alpha=0.900
Epoch  39/40  train loss=2.2926 acc=0.407  val loss=2.7222 acc=0.310  alpha=0.900
Epoch  40/40  train loss=2.2767 acc=0.409  val loss=2.6861 acc=0.324  alpha=0.900
  Loss curve saved → ./experiments/exp4_extreme_shape/train_loss.png
  Checkpoint saved → ./experiments/exp4_extreme_shape/checkpoint_epoch40.pt
==========================================
All experiments complete!
==========================================
